Queued 360 lesson files across tracks: sql, cpp, php, kotlin, csharp, dart...
✓ [sql/M01-L04.md] Successfully updated (10505 bytes)
✓ [sql/M01-L01.md] Successfully updated (13785 bytes)
✓ [sql/M01-L02.md] Successfully updated (6412 bytes)
✓ [sql/M01-L05.md] Successfully updated (9330 bytes)
✓ [sql/M01-L06.md] Successfully updated (10943 bytes)
✓ [sql/M02-L01.md] Successfully updated (7085 bytes)
✓ [sql/M02-L03.md] Successfully updated (11597 bytes)
✓ [sql/M01-L03.md] Successfully updated (10020 bytes)
✓ [sql/M02-L02.md] Successfully updated (11307 bytes)
✓ [sql/M02-L04.md] Successfully updated (9548 bytes)
✓ [sql/M02-L05.md] Successfully updated (11812 bytes)
✓ [sql/M03-L01.md] Successfully updated (9776 bytes)
✓ [sql/M03-L03.md] Successfully updated (9285 bytes)
✓ [sql/M02-L06.md] Successfully updated (6806 bytes)
✓ [sql/M03-L02.md] Successfully updated (12659 bytes)
✓ [sql/M03-L04.md] Successfully updated (10451 bytes)
✓ [sql/M04-L01.md] Successfully updated (11983 bytes)
✓ [sql/M03-L06.md] Successfully updated (12811 bytes)
✓ [sql/M04-L02.md] Successfully updated (12303 bytes)
✓ [sql/M03-L05.md] Successfully updated (6465 bytes)
✓ [sql/M04-L03.md] Successfully updated (11354 bytes)
✓ [sql/M04-L05.md] Successfully updated (9534 bytes)
✓ [sql/M04-L06.md] Successfully updated (10671 bytes)
✓ [sql/M04-L04.md] Successfully updated (6680 bytes)
✓ [sql/M05-L02.md] Successfully updated (9510 bytes)
✓ [sql/M05-L01.md] Successfully updated (12962 bytes)
✓ [sql/M05-L04.md] Successfully updated (11192 bytes)
✓ [sql/M05-L05.md] Successfully updated (10207 bytes)
✓ [sql/M05-L06.md] Successfully updated (11408 bytes)
✓ [sql/M05-L03.md] Successfully updated (7273 bytes)
✓ [sql/M06-L01.md] Successfully updated (10787 bytes)
✓ [sql/M06-L03.md] Successfully updated (10706 bytes)
✓ [sql/M06-L04.md] Successfully updated (11162 bytes)
✓ [sql/M06-L02.md] Successfully updated (6110 bytes)
✓ [sql/M06-L06.md] Successfully updated (11046 bytes)
✓ [sql/M06-L05.md] Successfully updated (11690 bytes)
✓ [sql/M07-L02.md] Successfully updated (10591 bytes)
✓ [sql/M07-L01.md] Successfully updated (7049 bytes)
✓ [sql/M07-L04.md] Successfully updated (10465 bytes)
✓ [sql/M07-L03.md] Successfully updated (10100 bytes)
✓ [sql/M07-L05.md] Successfully updated (11350 bytes)
✓ [sql/M08-L01.md] Successfully updated (12558 bytes)
✓ [sql/M08-L02.md] Successfully updated (14088 bytes)
✓ [sql/M08-L03.md] Successfully updated (10969 bytes)
✓ [sql/M07-L06.md] Successfully updated (7271 bytes)
✓ [sql/M08-L04.md] Successfully updated (11301 bytes)
✓ [sql/M08-L06.md] Successfully updated (11724 bytes)
✓ [sql/M09-L01.md] Successfully updated (11022 bytes)
✓ [sql/M09-L02.md] Successfully updated (11292 bytes)
✓ [sql/M08-L05.md] Successfully updated (7539 bytes)
✓ [sql/M09-L03.md] Successfully updated (13860 bytes)
✓ [sql/M09-L05.md] Successfully updated (10531 bytes)
✓ [sql/M09-L06.md] Successfully updated (12982 bytes)
✓ [sql/M09-L04.md] Successfully updated (9292 bytes)
✓ [sql/M10-L01.md] Successfully updated (11499 bytes)
✓ [sql/M10-L03.md] Successfully updated (10440 bytes)
✓ [sql/M10-L05.md] Successfully updated (11876 bytes)
✓ [sql/M10-L04.md] Successfully updated (12748 bytes)
✓ [sql/M10-L02.md] Successfully updated (9365 bytes)
✓ [sql/M10-L06.md] Successfully updated (13344 bytes)
✓ [cpp/M01-L03.md] Successfully updated (10519 bytes)
✓ [cpp/M01-L02.md] Successfully updated (12046 bytes)
✓ [cpp/M01-L04.md] Successfully updated (11716 bytes)
✓ [cpp/M01-L01.md] Successfully updated (6054 bytes)
✓ [cpp/M01-L05.md] Successfully updated (10908 bytes)
✓ [cpp/M02-L01.md] Successfully updated (11734 bytes)
✓ [cpp/M02-L02.md] Successfully updated (10496 bytes)
✓ [cpp/M02-L03.md] Successfully updated (11197 bytes)
✓ [cpp/M01-L06.md] Successfully updated (7789 bytes)
✓ [cpp/M02-L04.md] Successfully updated (13113 bytes)
✓ [cpp/M02-L06.md] Successfully updated (11638 bytes)
✓ [cpp/M03-L01.md] Successfully updated (9933 bytes)
✓ [cpp/M02-L05.md] Successfully updated (7641 bytes)
✓ [cpp/M03-L02.md] Successfully updated (11841 bytes)
✓ [cpp/M03-L03.md] Successfully updated (13007 bytes)
✓ [cpp/M03-L05.md] Successfully updated (11714 bytes)
✓ [cpp/M03-L06.md] Successfully updated (15498 bytes)
✓ [cpp/M03-L04.md] Successfully updated (8530 bytes)
✓ [cpp/M04-L02.md] Successfully updated (12904 bytes)
✓ [cpp/M04-L01.md] Successfully updated (12143 bytes)
✓ [cpp/M04-L04.md] Successfully updated (10721 bytes)
✓ [cpp/M04-L05.md] Successfully updated (11371 bytes)
✓ [cpp/M04-L06.md] Successfully updated (11424 bytes)
✓ [cpp/M04-L03.md] Successfully updated (7431 bytes)
✓ [cpp/M05-L01.md] Successfully updated (11294 bytes)
✓ [cpp/M05-L03.md] Successfully updated (12348 bytes)
✓ [cpp/M05-L04.md] Successfully updated (10589 bytes)
✓ [cpp/M05-L02.md] Successfully updated (6882 bytes)
✓ [cpp/M05-L05.md] Successfully updated (11463 bytes)
✓ [cpp/M05-L06.md] Successfully updated (12484 bytes)
✓ [cpp/M06-L02.md] Successfully updated (10887 bytes)
✓ [cpp/M06-L03.md] Successfully updated (9649 bytes)
✓ [cpp/M06-L04.md] Successfully updated (11172 bytes)
✓ [cpp/M06-L01.md] Successfully updated (7567 bytes)
✓ [cpp/M06-L05.md] Successfully updated (12195 bytes)
✓ [cpp/M07-L02.md] Successfully updated (10607 bytes)
✓ [cpp/M07-L01.md] Successfully updated (12130 bytes)
✓ [cpp/M06-L06.md] Successfully updated (7899 bytes)
✓ [cpp/M07-L03.md] Successfully updated (11419 bytes)
✓ [cpp/M07-L04.md] Successfully updated (10539 bytes)
✓ [cpp/M07-L06.md] Successfully updated (12401 bytes)
✓ [cpp/M08-L01.md] Successfully updated (13636 bytes)
✓ [cpp/M07-L05.md] Successfully updated (8272 bytes)
✓ [cpp/M08-L02.md] Successfully updated (12518 bytes)
✓ [cpp/M08-L03.md] Successfully updated (12789 bytes)
✓ [cpp/M08-L05.md] Successfully updated (15037 bytes)
✓ [cpp/M08-L06.md] Successfully updated (13096 bytes)
✓ [cpp/M09-L01.md] Successfully updated (10820 bytes)
✓ [cpp/M08-L04.md] Successfully updated (8337 bytes)
✓ [cpp/M09-L05.md] Successfully updated (11807 bytes)
✓ [cpp/M09-L02.md] Successfully updated (13101 bytes)
✓ [cpp/M09-L04.md] Successfully updated (11434 bytes)
✓ [cpp/M09-L03.md] Successfully updated (6759 bytes)
✓ [cpp/M09-L06.md] Successfully updated (11448 bytes)
✓ [cpp/M10-L01.md] Successfully updated (13227 bytes)
✓ [cpp/M10-L03.md] Successfully updated (14269 bytes)
✓ [cpp/M10-L02.md] Successfully updated (7644 bytes)
✓ [cpp/M10-L04.md] Successfully updated (12855 bytes)
✓ [cpp/M10-L05.md] Successfully updated (12186 bytes)
✓ [cpp/M10-L06.md] Successfully updated (12820 bytes)
✓ [php/M01-L03.md] Successfully updated (13082 bytes)
✓ [php/M01-L01.md] Successfully updated (7409 bytes)
✓ [php/M01-L04.md] Successfully updated (11983 bytes)
✓ [php/M01-L06.md] Successfully updated (11405 bytes)
✓ [php/M01-L05.md] Successfully updated (6450 bytes)
✓ [php/M02-L01.md] Successfully updated (10267 bytes)
✓ [php/M02-L03.md] Successfully updated (12303 bytes)
✓ [php/M02-L02.md] Successfully updated (15795 bytes)
✓ [php/M02-L04.md] Successfully updated (7719 bytes)
✓ [php/M02-L06.md] Successfully updated (12310 bytes)
✓ [php/M02-L05.md] Successfully updated (10900 bytes)
✓ [php/M03-L01.md] Successfully updated (11026 bytes)
✓ [php/M03-L02.md] Successfully updated (14742 bytes)
✓ [php/M03-L03.md] Successfully updated (6906 bytes)
✓ [php/M03-L04.md] Successfully updated (9833 bytes)
✓ [php/M03-L05.md] Successfully updated (13372 bytes)
✓ [php/M04-L01.md] Successfully updated (12397 bytes)
✓ [php/M03-L06.md] Successfully updated (9886 bytes)
[php/M01-L02.md] Attempt 1 error: 
✓ [php/M04-L03.md] Successfully updated (13688 bytes)
✓ [php/M04-L04.md] Successfully updated (14448 bytes)
✓ [php/M01-L02.md] Successfully updated (10361 bytes)
✓ [php/M04-L02.md] Successfully updated (8146 bytes)
✓ [php/M04-L05.md] Successfully updated (12278 bytes)
✓ [php/M05-L01.md] Successfully updated (13386 bytes)
✓ [php/M05-L02.md] Successfully updated (14621 bytes)
✓ [php/M05-L03.md] Successfully updated (12367 bytes)
✓ [php/M04-L06.md] Successfully updated (7310 bytes)
✓ [php/M05-L04.md] Successfully updated (12294 bytes)
✓ [php/M06-L01.md] Successfully updated (12699 bytes)
✓ [php/M05-L06.md] Successfully updated (13759 bytes)
✓ [php/M05-L05.md] Successfully updated (9592 bytes)
✓ [php/M06-L02.md] Successfully updated (13140 bytes)
✓ [php/M06-L03.md] Successfully updated (14687 bytes)
✓ [php/M06-L05.md] Successfully updated (16189 bytes)
✓ [php/M06-L06.md] Successfully updated (14289 bytes)
✓ [php/M06-L04.md] Successfully updated (8355 bytes)
✓ [php/M07-L01.md] Successfully updated (12308 bytes)
✓ [php/M07-L02.md] Successfully updated (10580 bytes)
✓ [php/M07-L04.md] Successfully updated (12501 bytes)
✓ [php/M07-L03.md] Successfully updated (7675 bytes)
✓ [php/M07-L05.md] Successfully updated (12613 bytes)
✓ [php/M07-L06.md] Successfully updated (12563 bytes)
✓ [php/M08-L01.md] Successfully updated (12242 bytes)
✓ [php/M08-L03.md] Successfully updated (11852 bytes)
✓ [php/M08-L04.md] Successfully updated (12736 bytes)
✓ [php/M08-L05.md] Successfully updated (14551 bytes)
✓ [php/M08-L02.md] Successfully updated (9607 bytes)
✓ [php/M08-L06.md] Successfully updated (14531 bytes)
✓ [php/M09-L03.md] Successfully updated (13574 bytes)
✓ [php/M09-L02.md] Successfully updated (12814 bytes)
✓ [php/M09-L01.md] Successfully updated (8158 bytes)
✓ [php/M09-L04.md] Successfully updated (17002 bytes)
✓ [php/M09-L05.md] Successfully updated (14313 bytes)
✓ [php/M10-L01.md] Successfully updated (15419 bytes)
✓ [php/M09-L06.md] Successfully updated (9070 bytes)
✓ [php/M10-L03.md] Successfully updated (12440 bytes)
✓ [php/M10-L02.md] Successfully updated (13092 bytes)
✓ [php/M10-L06.md] Successfully updated (12404 bytes)
✓ [php/M10-L04.md] Successfully updated (12386 bytes)
✓ [kotlin/M01-L01.md] Successfully updated (14016 bytes)
✓ [kotlin/M01-L02.md] Successfully updated (10909 bytes)
✓ [php/M10-L05.md] Successfully updated (9068 bytes)
✓ [kotlin/M01-L04.md] Successfully updated (12078 bytes)
✓ [kotlin/M01-L05.md] Successfully updated (11107 bytes)
✓ [kotlin/M01-L03.md] Successfully updated (7353 bytes)
✓ [kotlin/M01-L06.md] Successfully updated (9572 bytes)
✓ [kotlin/M02-L03.md] Successfully updated (10660 bytes)
✓ [kotlin/M02-L01.md] Successfully updated (13791 bytes)
✓ [kotlin/M02-L04.md] Successfully updated (10447 bytes)
✓ [kotlin/M02-L05.md] Successfully updated (10653 bytes)
✓ [kotlin/M02-L02.md] Successfully updated (7581 bytes)
✓ [kotlin/M02-L06.md] Successfully updated (13813 bytes)
✓ [kotlin/M03-L02.md] Successfully updated (9966 bytes)
✓ [kotlin/M03-L03.md] Successfully updated (11000 bytes)
✓ [kotlin/M03-L04.md] Successfully updated (10342 bytes)
✓ [kotlin/M03-L01.md] Successfully updated (6433 bytes)
✓ [kotlin/M03-L05.md] Successfully updated (11226 bytes)
✓ [kotlin/M04-L02.md] Successfully updated (12379 bytes)
✓ [kotlin/M04-L01.md] Successfully updated (10833 bytes)
✓ [kotlin/M04-L03.md] Successfully updated (9424 bytes)
✓ [kotlin/M03-L06.md] Successfully updated (7285 bytes)
✓ [kotlin/M04-L04.md] Successfully updated (10424 bytes)
✓ [kotlin/M04-L06.md] Successfully updated (11330 bytes)
✓ [kotlin/M05-L01.md] Successfully updated (10322 bytes)
✓ [kotlin/M05-L02.md] Successfully updated (11657 bytes)
✓ [kotlin/M04-L05.md] Successfully updated (8892 bytes)
✓ [kotlin/M05-L03.md] Successfully updated (10529 bytes)
✓ [kotlin/M05-L05.md] Successfully updated (9168 bytes)
✓ [kotlin/M05-L06.md] Successfully updated (12094 bytes)
✓ [kotlin/M06-L01.md] Successfully updated (11515 bytes)
✓ [kotlin/M05-L04.md] Successfully updated (7948 bytes)
✓ [kotlin/M06-L02.md] Successfully updated (13044 bytes)
✓ [kotlin/M06-L04.md] Successfully updated (12242 bytes)
✓ [kotlin/M06-L05.md] Successfully updated (12784 bytes)
✓ [kotlin/M06-L06.md] Successfully updated (10745 bytes)
✓ [kotlin/M06-L03.md] Successfully updated (8553 bytes)
✓ [kotlin/M07-L01.md] Successfully updated (9293 bytes)
✓ [kotlin/M07-L03.md] Successfully updated (11709 bytes)
✓ [kotlin/M07-L04.md] Successfully updated (11253 bytes)
✓ [kotlin/M07-L02.md] Successfully updated (8000 bytes)
✓ [kotlin/M07-L05.md] Successfully updated (13281 bytes)
✓ [kotlin/M07-L06.md] Successfully updated (15316 bytes)
✓ [kotlin/M08-L02.md] Successfully updated (13346 bytes)
✓ [kotlin/M08-L03.md] Successfully updated (13422 bytes)
✓ [kotlin/M08-L01.md] Successfully updated (7539 bytes)
✓ [kotlin/M08-L04.md] Successfully updated (14214 bytes)
✓ [kotlin/M08-L05.md] Successfully updated (13338 bytes)
✓ [kotlin/M09-L02.md] Successfully updated (9555 bytes)
✓ [kotlin/M09-L01.md] Successfully updated (12010 bytes)
✓ [kotlin/M09-L03.md] Successfully updated (11519 bytes)
✓ [kotlin/M08-L06.md] Successfully updated (8663 bytes)
✓ [kotlin/M09-L04.md] Successfully updated (12587 bytes)
✓ [kotlin/M09-L06.md] Successfully updated (11741 bytes)
✓ [kotlin/M09-L05.md] Successfully updated (8332 bytes)
✓ [kotlin/M10-L01.md] Successfully updated (15631 bytes)
✓ [kotlin/M10-L02.md] Successfully updated (13416 bytes)
✓ [kotlin/M10-L05.md] Successfully updated (11640 bytes)
✓ [kotlin/M10-L03.md] Successfully updated (12567 bytes)
✓ [kotlin/M10-L06.md] Successfully updated (11497 bytes)
✓ [kotlin/M10-L04.md] Successfully updated (8151 bytes)
✓ [csharp/M01-L02.md] Successfully updated (11583 bytes)
✓ [csharp/M01-L01.md] Successfully updated (12164 bytes)
✓ [csharp/M01-L04.md] Successfully updated (12589 bytes)
✓ [csharp/M01-L03.md] Successfully updated (7966 bytes)
✓ [csharp/M01-L06.md] Successfully updated (9435 bytes)
✓ [csharp/M01-L05.md] Successfully updated (12448 bytes)
✓ [csharp/M02-L01.md] Successfully updated (9094 bytes)
✓ [csharp/M02-L03.md] Successfully updated (15137 bytes)
✓ [csharp/M02-L04.md] Successfully updated (12085 bytes)
✓ [csharp/M02-L05.md] Successfully updated (11672 bytes)
✓ [csharp/M02-L02.md] Successfully updated (8671 bytes)
✓ [csharp/M03-L01.md] Successfully updated (11985 bytes)
✓ [csharp/M03-L03.md] Successfully updated (9594 bytes)
✓ [csharp/M03-L02.md] Successfully updated (12767 bytes)
✓ [csharp/M02-L06.md] Successfully updated (7599 bytes)
✓ [csharp/M03-L04.md] Successfully updated (11470 bytes)
✓ [csharp/M03-L06.md] Successfully updated (12951 bytes)
✓ [csharp/M04-L01.md] Successfully updated (12729 bytes)
✓ [csharp/M03-L05.md] Successfully updated (7796 bytes)
✓ [csharp/M04-L02.md] Successfully updated (12674 bytes)
✓ [csharp/M04-L03.md] Successfully updated (11853 bytes)
✓ [csharp/M04-L04.md] Successfully updated (7361 bytes)
✓ [csharp/M04-L05.md] Successfully updated (12206 bytes)
✓ [csharp/M04-L06.md] Successfully updated (12398 bytes)
✓ [csharp/M05-L01.md] Successfully updated (11691 bytes)
✓ [csharp/M05-L02.md] Successfully updated (15003 bytes)
✓ [csharp/M05-L04.md] Successfully updated (11866 bytes)
✓ [csharp/M05-L05.md] Successfully updated (13640 bytes)
✓ [csharp/M05-L03.md] Successfully updated (8299 bytes)
✓ [csharp/M05-L06.md] Successfully updated (12815 bytes)
✓ [csharp/M06-L01.md] Successfully updated (14374 bytes)
✓ [csharp/M06-L03.md] Successfully updated (12399 bytes)
✓ [csharp/M06-L04.md] Successfully updated (12484 bytes)
✓ [csharp/M06-L05.md] Successfully updated (10698 bytes)
✓ [csharp/M06-L02.md] Successfully updated (8902 bytes)
✓ [csharp/M06-L06.md] Successfully updated (10839 bytes)
✓ [csharp/M07-L02.md] Successfully updated (11887 bytes)
✓ [csharp/M07-L03.md] Successfully updated (12440 bytes)
✓ [csharp/M07-L04.md] Successfully updated (12071 bytes)
✓ [csharp/M07-L01.md] Successfully updated (8779 bytes)
✓ [csharp/M07-L05.md] Successfully updated (12181 bytes)
✓ [csharp/M08-L01.md] Successfully updated (14779 bytes)
✓ [csharp/M08-L02.md] Successfully updated (13230 bytes)
✓ [csharp/M08-L03.md] Successfully updated (15383 bytes)
✓ [csharp/M07-L06.md] Successfully updated (9858 bytes)
✓ [csharp/M08-L04.md] Successfully updated (12351 bytes)
✓ [csharp/M09-L01.md] Successfully updated (17274 bytes)
✓ [csharp/M08-L06.md] Successfully updated (16259 bytes)
✓ [csharp/M08-L05.md] Successfully updated (8096 bytes)
✓ [csharp/M09-L02.md] Successfully updated (15368 bytes)
✓ [csharp/M09-L05.md] Successfully updated (14107 bytes)
✓ [csharp/M09-L03.md] Successfully updated (14989 bytes)
✓ [csharp/M09-L06.md] Successfully updated (13891 bytes)
✓ [csharp/M09-L04.md] Successfully updated (9029 bytes)
✓ [csharp/M10-L02.md] Successfully updated (12787 bytes)
✓ [csharp/M10-L01.md] Successfully updated (16687 bytes)
✓ [csharp/M10-L05.md] Successfully updated (13076 bytes)
✓ [csharp/M10-L04.md] Successfully updated (14335 bytes)
✓ [csharp/M10-L03.md] Successfully updated (8887 bytes)
✓ [csharp/M10-L06.md] Successfully updated (10176 bytes)
✓ [dart/M01-L01.md] Successfully updated (13448 bytes)
✓ [dart/M01-L03.md] Successfully updated (9997 bytes)
✓ [dart/M01-L04.md] Successfully updated (12750 bytes)
✓ [dart/M01-L02.md] Successfully updated (7262 bytes)
✓ [dart/M01-L05.md] Successfully updated (10730 bytes)
✓ [dart/M01-L06.md] Successfully updated (10068 bytes)
✓ [dart/M02-L02.md] Successfully updated (10697 bytes)
✓ [dart/M02-L04.md] Successfully updated (10486 bytes)
✓ [dart/M02-L03.md] Successfully updated (10732 bytes)
✓ [dart/M02-L01.md] Successfully updated (7246 bytes)
✓ [dart/M02-L05.md] Successfully updated (10932 bytes)
✓ [dart/M03-L01.md] Successfully updated (10820 bytes)
✓ [dart/M03-L02.md] Successfully updated (11054 bytes)
✓ [dart/M03-L03.md] Successfully updated (9708 bytes)
✓ [dart/M02-L06.md] Successfully updated (7250 bytes)
✓ [dart/M03-L05.md] Successfully updated (11019 bytes)
✓ [dart/M03-L04.md] Successfully updated (7246 bytes)
✓ [dart/M03-L06.md] Successfully updated (12590 bytes)
✓ [dart/M04-L01.md] Successfully updated (10082 bytes)
✓ [dart/M04-L02.md] Successfully updated (10178 bytes)
✓ [dart/M04-L04.md] Successfully updated (10660 bytes)
✓ [dart/M04-L03.md] Successfully updated (7284 bytes)
✓ [dart/M04-L06.md] Successfully updated (9861 bytes)
✓ [dart/M05-L01.md] Successfully updated (10290 bytes)
✓ [dart/M04-L05.md] Successfully updated (11760 bytes)
✓ [dart/M05-L03.md] Successfully updated (11047 bytes)
✓ [dart/M05-L04.md] Successfully updated (10678 bytes)
✓ [dart/M05-L05.md] Successfully updated (11151 bytes)
✓ [dart/M05-L02.md] Successfully updated (6732 bytes)
✓ [dart/M05-L06.md] Successfully updated (9793 bytes)
✓ [dart/M06-L03.md] Successfully updated (11310 bytes)
✓ [dart/M06-L02.md] Successfully updated (13140 bytes)
✓ [dart/M06-L01.md] Successfully updated (7119 bytes)
✓ [dart/M06-L04.md] Successfully updated (12696 bytes)
✓ [dart/M06-L05.md] Successfully updated (9104 bytes)
✓ [dart/M07-L01.md] Successfully updated (11848 bytes)
✓ [dart/M07-L02.md] Successfully updated (11143 bytes)
✓ [dart/M06-L06.md] Successfully updated (7751 bytes)
✓ [dart/M07-L03.md] Successfully updated (11226 bytes)
✓ [dart/M07-L04.md] Successfully updated (11788 bytes)
✓ [dart/M07-L06.md] Successfully updated (12112 bytes)
✓ [dart/M08-L01.md] Successfully updated (13478 bytes)
✓ [dart/M08-L02.md] Successfully updated (14209 bytes)
✓ [dart/M07-L05.md] Successfully updated (7522 bytes)
✓ [dart/M08-L03.md] Successfully updated (15021 bytes)
✓ [dart/M08-L06.md] Successfully updated (14311 bytes)
✓ [dart/M08-L05.md] Successfully updated (12353 bytes)
✓ [dart/M08-L04.md] Successfully updated (8478 bytes)
✓ [dart/M09-L01.md] Successfully updated (10169 bytes)
✓ [dart/M09-L02.md] Successfully updated (11819 bytes)
✓ [dart/M09-L03.md] Successfully updated (6934 bytes)
✓ [dart/M09-L05.md] Successfully updated (12587 bytes)
✓ [dart/M09-L04.md] Successfully updated (12216 bytes)
✓ [dart/M09-L06.md] Successfully updated (13149 bytes)
✓ [dart/M10-L01.md] Successfully updated (12357 bytes)
✓ [dart/M10-L03.md] Successfully updated (12157 bytes)
✓ [dart/M10-L02.md] Successfully updated (8057 bytes)
✓ [dart/M10-L04.md] Successfully updated (17655 bytes)
✓ [dart/M10-L05.md] Successfully updated (12676 bytes)
✓ [dart/M10-L06.md] Successfully updated (11065 bytes)

Execution finished! Success: 360/360
